// Vitest Snapshot v1, https://vitest.dev/guide/snapshot.html

exports[`golden snapshot > keeps today's Strategy results for 150 fixed sets of debts 1`] = `
[
  {
    "first": {
      "l0": 10000,
    },
    "interest": 17794,
    "months": 31,
    "payoff": {
      "l0": 31,
    },
  },
  {
    "minRequired": 27000,
  },
  {
    "first": {
      "l0": 5000,
      "l1": 270735,
      "l2": 5000,
      "l3": 5000,
      "l4": 114265,
    },
    "interest": 223757,
    "months": 12,
    "payoff": {
      "l0": 8,
      "l1": 3,
      "l2": 12,
      "l3": 11,
      "l4": 1,
    },
  },
  {
    "minRequired": 37434,
  },
  {
    "first": {
      "l0": 0,
      "l1": 54000,
      "l2": 5000,
      "l3": 1000,
      "l4": 0,
    },
    "interest": 3587213,
    "months": 135,
    "payoff": {
      "l0": 73,
      "l1": 7,
      "l2": 20,
      "l3": 42,
      "l4": 135,
    },
  },
  {
    "first": {
      "l0": 0,
      "l1": 400000,
      "l2": 0,
    },
    "interest": 89079,
    "months": 9,
    "payoff": {
      "l0": 5,
      "l1": 2,
      "l2": 9,
    },
  },
  {
    "first": {
      "l0": 94777,
    },
    "interest": 0,
    "months": 1,
    "payoff": {
      "l0": 1,
    },
  },
  {
    "minRequired": 66061,
  },
  {
    "first": {
      "l0": 125000,
    },
    "interest": 41339,
    "months": 9,
    "payoff": {
      "l0": 9,
    },
  },
  {
    "first": {
      "l0": 68963,
      "l1": 5000,
      "l2": 321037,
      "l3": 5000,
    },
    "interest": 301003,
    "months": 12,
    "payoff": {
      "l0": 1,
      "l1": 9,
      "l2": 3,
      "l3": 12,
    },
  },
  {
    "minRequired": 13547,
  },
  {
    "first": {
      "l0": 105000,
      "l1": 15000,
      "l2": 5000,
      "l3": 0,
      "l4": 0,
    },
    "interest": 375186,
    "months": 27,
    "payoff": {
      "l0": 4,
      "l1": 21,
      "l2": 9,
      "l3": 27,
      "l4": 24,
    },
  },
  {
    "first": {
      "l0": 26842,
      "l1": 5000,
      "l2": 5000,
      "l3": 88158,
    },
    "interest": 729325,
    "months": 34,
    "payoff": {
      "l0": 34,
      "l1": 9,
      "l2": 21,
      "l3": 9,
    },
  },
  {
    "first": {
      "l0": 5000,
      "l1": 390000,
      "l2": 5000,
    },
    "interest": 15675,
    "months": 9,
    "payoff": {
      "l0": 9,
      "l1": 3,
      "l2": 8,
    },
  },
  {
    "first": {
      "l0": 125000,
    },
    "interest": 0,
    "months": 6,
    "payoff": {
      "l0": 6,
    },
  },
  {
    "first": {
      "l0": 294530,
      "l1": 105470,
    },
    "interest": 2134,
    "months": 2,
    "payoff": {
      "l0": 1,
      "l1": 2,
    },
  },
  {
    "first": {
      "l0": 400000,
    },
    "interest": 8631,
    "months": 3,
    "payoff": {
      "l0": 3,
    },
  },
  {
    "first": {
      "l0": 35790,
      "l1": 19210,
      "l2": 5000,
    },
    "interest": 373706,
    "months": 44,
    "payoff": {
      "l0": 44,
      "l1": 1,
      "l2": 39,
    },
  },
  {
    "first": {
      "l0": 20455,
      "l1": 29545,
      "l2": 5000,
      "l3": 5000,
    },
    "interest": 1502674,
    "months": 80,
    "payoff": {
      "l0": 80,
      "l1": 52,
      "l2": 17,
      "l3": 43,
    },
  },
  {
    "minRequired": 14062,
  },
  {
    "first": {
      "l0": 5000,
      "l1": 1000,
      "l2": 36037,
      "l3": 357963,
    },
    "interest": 117474,
    "months": 8,
    "payoff": {
      "l0": 8,
      "l1": 6,
      "l2": 3,
      "l3": 1,
    },
  },
  {
    "first": {
      "l0": 125000,
    },
    "interest": 0,
    "months": 7,
    "payoff": {
      "l0": 7,
    },
  },
  {
    "first": {
      "l0": 0,
      "l1": 120000,
      "l2": 5000,
      "l3": 0,
    },
    "interest": 640855,
    "months": 37,
    "payoff": {
      "l0": 37,
      "l1": 21,
      "l2": 16,
      "l3": 33,
    },
  },
  {
    "first": {
      "l0": 5000,
      "l1": 55000,
    },
    "interest": 820908,
    "months": 55,
    "payoff": {
      "l0": 28,
      "l1": 55,
    },
  },
  {
    "minRequired": 30633,
  },
  {
    "first": {
      "l0": 15000,
      "l1": 40000,
      "l2": 5000,
      "l3": 0,
    },
    "interest": 114832,
    "months": 43,
    "payoff": {
      "l0": 43,
      "l1": 9,
      "l2": 20,
      "l3": 34,
    },
  },
  {
    "first": {
      "l0": 25564,
    },
    "interest": 0,
    "months": 1,
    "payoff": {
      "l0": 1,
    },
  },
  {
    "first": {
      "l0": 60000,
    },
    "interest": 23825,
    "months": 11,
    "payoff": {
      "l0": 11,
    },
  },
  {
    "minRequired": 17187,
  },
  {
    "first": {
      "l0": 386381,
      "l1": 8619,
      "l2": 5000,
    },
    "interest": 44175,
    "months": 7,
    "payoff": {
      "l0": 3,
      "l1": 5,
      "l2": 7,
    },
  },
  {
    "minRequired": 42000,
  },
  {
    "first": {
      "l0": 74987,
      "l1": 5000,
      "l2": 320013,
    },
    "interest": 94971,
    "months": 8,
    "payoff": {
      "l0": 1,
      "l1": 8,
      "l2": 3,
    },
  },
  {
    "first": {
      "l0": 0,
      "l1": 50980,
      "l2": 15000,
      "l3": 59020,
    },
    "interest": 95041,
    "months": 18,
    "payoff": {
      "l0": 18,
      "l1": 1,
      "l2": 11,
      "l3": 5,
    },
  },
  {
    "first": {
      "l0": 1000,
      "l1": 59000,
    },
    "interest": 28932,
    "months": 23,
    "payoff": {
      "l0": 23,
      "l1": 8,
    },
  },
  {
    "first": {
      "l0": 0,
      "l1": 5000,
      "l2": 5000,
      "l3": 0,
      "l4": 0,
    },
    "interest": 80914763,
    "months": 600,
    "payoff": {
      "l1": 136,
      "l2": 123,
    },
  },
  {
    "minRequired": 30927,
  },
  {
    "minRequired": 35658,
  },
  {
    "first": {
      "l0": 110000,
      "l1": 15000,
    },
    "interest": 113363,
    "months": 16,
    "payoff": {
      "l0": 8,
      "l1": 16,
    },
  },
  {
    "minRequired": 17000,
  },
  {
    "first": {
      "l0": 387127,
      "l1": 12873,
    },
    "interest": 71912,
    "months": 8,
    "payoff": {
      "l0": 4,
      "l1": 8,
    },
  },
  {
    "first": {
      "l0": 60000,
    },
    "interest": 83003,
    "months": 15,
    "payoff": {
      "l0": 15,
    },
  },
  {
    "minRequired": 17500,
  },
  {
    "first": {
      "l0": 0,
      "l1": 1000,
      "l2": 5000,
      "l3": 54000,
    },
    "interest": 841199,
    "months": 52,
    "payoff": {
      "l0": 52,
      "l1": 52,
      "l2": 15,
      "l3": 35,
    },
  },
  {
    "minRequired": 21000,
  },
  {
    "first": {
      "l0": 1000,
      "l1": 399000,
    },
    "interest": 13239,
    "months": 7,
    "payoff": {
      "l0": 7,
      "l1": 4,
    },
  },
  {
    "first": {
      "l0": 1000,
      "l1": 0,
      "l2": 124000,
    },
    "interest": 53011,
    "months": 19,
    "payoff": {
      "l0": 19,
      "l1": 11,
      "l2": 5,
    },
  },
  {
    "first": {
      "l0": 5000,
      "l1": 109836,
      "l2": 0,
      "l3": 7879,
      "l4": 277285,
    },
    "interest": 12467,
    "months": 8,
    "payoff": {
      "l0": 8,
      "l1": 2,
      "l2": 5,
      "l3": 3,
      "l4": 1,
    },
  },
  {
    "first": {
      "l0": 60000,
    },
    "interest": 97991,
    "months": 20,
    "payoff": {
      "l0": 20,
    },
  },
  {
    "first": {
      "l0": 5000,
      "l1": 5000,
    },
    "interest": 17492,
    "months": 14,
    "payoff": {
      "l0": 14,
      "l1": 2,
    },
  },
  {
    "first": {
      "l0": 384880,
      "l1": 5000,
      "l2": 5000,
      "l3": 120,
      "l4": 5000,
    },
    "interest": 162872,
    "months": 12,
    "payoff": {
      "l0": 3,
      "l1": 9,
      "l2": 11,
      "l3": 3,
      "l4": 12,
    },
  },
  {
    "first": {
      "l0": 1000,
      "l1": 5000,
      "l2": 104000,
      "l3": 0,
      "l4": 15000,
    },
    "interest": 368005,
    "months": 30,
    "payoff": {
      "l0": 24,
      "l1": 7,
      "l2": 16,
      "l3": 30,
      "l4": 18,
    },
  },
  {
    "first": {
      "l0": 0,
      "l1": 45000,
      "l2": 15000,
    },
    "interest": 45031,
    "months": 27,
    "payoff": {
      "l0": 27,
      "l1": 7,
      "l2": 20,
    },
  },
  {
    "first": {
      "l0": 89000,
      "l1": 15000,
      "l2": 15000,
      "l3": 5000,
      "l4": 1000,
    },
    "interest": 432331,
    "months": 28,
    "payoff": {
      "l0": 16,
      "l1": 3,
      "l2": 16,
      "l3": 28,
      "l4": 28,
    },
  },
  {
    "first": {
      "l0": 59000,
      "l1": 1000,
    },
    "interest": 113147,
    "months": 33,
    "payoff": {
      "l0": 24,
      "l1": 33,
    },
  },
  {
    "first": {
      "l0": 5000,
      "l1": 120000,
    },
    "interest": 333275,
    "months": 19,
    "payoff": {
      "l0": 19,
      "l1": 5,
    },
  },
  {
    "first": {
      "l0": 5000,
      "l1": 395000,
      "l2": 0,
    },
    "interest": 14148,
    "months": 7,
    "payoff": {
      "l0": 4,
      "l1": 2,
      "l2": 7,
    },
  },
  {
    "first": {
      "l0": 5000,
      "l1": 5000,
      "l2": 390000,
    },
    "interest": 6167,
    "months": 9,
    "payoff": {
      "l0": 9,
      "l1": 9,
      "l2": 3,
    },
  },
  {
    "first": {
      "l0": 54463,
      "l1": 0,
      "l2": 5537,
    },
    "interest": 622727,
    "months": 50,
    "payoff": {
      "l0": 23,
      "l1": 38,
      "l2": 50,
    },
  },
  {
    "first": {
      "l0": 110000,
      "l1": 15000,
    },
    "interest": 4484,
    "months": 5,
    "payoff": {
      "l0": 5,
      "l1": 5,
    },
  },
  {
    "minRequired": 34353,
  },
  {
    "minRequired": 15000,
  },
  {
    "first": {
      "l0": 125000,
    },
    "interest": 45886,
    "months": 11,
    "payoff": {
      "l0": 11,
    },
  },
  {
    "first": {
      "l0": 5000,
      "l1": 5000,
    },
    "interest": 51374,
    "months": 81,
    "payoff": {
      "l0": 81,
      "l1": 29,
    },
  },
  {
    "minRequired": 14000,
  },
  {
    "first": {
      "l0": 7389,
      "l1": 15000,
      "l2": 372611,
      "l3": 5000,
    },
    "interest": 33616,
    "months": 7,
    "payoff": {
      "l0": 5,
      "l1": 7,
      "l2": 2,
      "l3": 7,
    },
  },
  {
    "first": {
      "l0": 0,
      "l1": 400000,
    },
    "interest": 27990,
    "months": 6,
    "payoff": {
      "l0": 6,
      "l1": 4,
    },
  },
  {
    "first": {
      "l0": 1000,
      "l1": 399000,
    },
    "interest": 12059,
    "months": 5,
    "payoff": {
      "l0": 5,
      "l1": 3,
    },
  },
  {
    "first": {
      "l0": 55000,
      "l1": 5000,
    },
    "interest": 91095,
    "months": 26,
    "payoff": {
      "l0": 26,
      "l1": 23,
    },
  },
  {
    "first": {
      "l0": 0,
      "l1": 15000,
      "l2": 385000,
    },
    "interest": 91551,
    "months": 8,
    "payoff": {
      "l0": 8,
      "l1": 6,
      "l2": 4,
    },
  },
  {
    "first": {
      "l0": 0,
      "l1": 5000,
      "l2": 9021,
      "l3": 45979,
    },
    "interest": 1083897,
    "months": 74,
    "payoff": {
      "l0": 74,
      "l1": 30,
      "l2": 48,
      "l3": 12,
    },
  },
  {
    "first": {
      "l0": 38466,
      "l1": 7453,
      "l2": 14081,
    },
    "interest": 196001,
    "months": 31,
    "payoff": {
      "l0": 1,
      "l1": 31,
      "l2": 16,
    },
  },
  {
    "minRequired": 15000,
  },
  {
    "first": {
      "l0": 5000,
      "l1": 5000,
      "l2": 288257,
      "l3": 86743,
      "l4": 15000,
    },
    "interest": 104384,
    "months": 10,
    "payoff": {
      "l0": 7,
      "l1": 10,
      "l2": 1,
      "l3": 2,
      "l4": 2,
    },
  },
  {
    "first": {
      "l0": 8909,
      "l1": 15000,
      "l2": 5000,
      "l3": 31091,
    },
    "interest": 911302,
    "months": 58,
    "payoff": {
      "l0": 56,
      "l1": 39,
      "l2": 58,
      "l3": 7,
    },
  },
  {
    "first": {
      "l0": 5000,
      "l1": 50000,
      "l2": 5000,
      "l3": 0,
    },
    "interest": 0,
    "months": 71,
    "payoff": {
      "l0": 53,
      "l1": 36,
      "l2": 28,
      "l3": 71,
    },
  },
  {
    "first": {
      "l0": 4000,
      "l1": 1000,
      "l2": 5000,
    },
    "interest": 95369592848,
    "months": 600,
    "payoff": {},
  },
  {
    "first": {
      "l0": 0,
      "l1": 5000,
      "l2": 120000,
    },
    "interest": 104906,
    "months": 13,
    "payoff": {
      "l0": 13,
      "l1": 7,
      "l2": 12,
    },
  },
  {
    "minRequired": 34318,
  },
  {
    "minRequired": 22000,
  },
  {
    "first": {
      "l0": 60000,
    },
    "interest": 0,
    "months": 25,
    "payoff": {
      "l0": 25,
    },
  },
  {
    "first": {
      "l0": 5000,
      "l1": 0,
      "l2": 5000,
      "l3": 50000,
    },
    "interest": 632016,
    "months": 58,
    "payoff": {
      "l0": 38,
      "l1": 21,
      "l2": 58,
      "l3": 4,
    },
  },
  {
    "first": {
      "l0": 0,
      "l1": 45653,
      "l2": 12347,
      "l3": 1000,
      "l4": 1000,
    },
    "interest": 1167227,
    "months": 89,
    "payoff": {
      "l0": 45,
      "l1": 7,
      "l2": 68,
      "l3": 89,
      "l4": 16,
    },
  },
  {
    "first": {
      "l0": 44441,
      "l1": 0,
      "l2": 5000,
      "l3": 10559,
    },
    "interest": 1771439,
    "months": 93,
    "payoff": {
      "l0": 31,
      "l1": 76,
      "l2": 93,
      "l3": 55,
    },
  },
  {
    "first": {
      "l0": 336242,
    },
    "interest": 0,
    "months": 1,
    "payoff": {
      "l0": 1,
    },
  },
  {
    "first": {
      "l0": 10000,
    },
    "interest": 0,
    "months": 99,
    "payoff": {
      "l0": 99,
    },
  },
  {
    "first": {
      "l0": 60000,
    },
    "interest": 8122,
    "months": 6,
    "payoff": {
      "l0": 6,
    },
  },
  {
    "first": {
      "l0": 125000,
      "l1": 0,
    },
    "interest": 46903,
    "months": 14,
    "payoff": {
      "l0": 7,
      "l1": 14,
    },
  },
  {
    "first": {
      "l0": 5387,
      "l1": 5000,
      "l2": 1000,
      "l3": 48613,
      "l4": 0,
    },
    "interest": 1604168,
    "months": 108,
    "payoff": {
      "l0": 97,
      "l1": 29,
      "l2": 108,
      "l3": 38,
      "l4": 74,
    },
  },
  {
    "first": {
      "l0": 5000,
      "l1": 54000,
      "l2": 1000,
    },
    "interest": 1046684,
    "months": 56,
    "payoff": {
      "l0": 12,
      "l1": 22,
      "l2": 56,
    },
  },
  {
    "first": {
      "l0": 5000,
      "l1": 5000,
    },
    "interest": 1061,
    "months": 41,
    "payoff": {
      "l0": 41,
      "l1": 8,
    },
  },
  {
    "first": {
      "l0": 13345,
      "l1": 386655,
    },
    "interest": 0,
    "months": 3,
    "payoff": {
      "l0": 1,
      "l1": 3,
    },
  },
  {
    "first": {
      "l0": 105000,
      "l1": 15000,
      "l2": 5000,
    },
    "interest": 117278,
    "months": 16,
    "payoff": {
      "l0": 15,
      "l1": 16,
      "l2": 12,
    },
  },
  {
    "minRequired": 22000,
  },
  {
    "first": {
      "l0": 60000,
      "l1": 0,
    },
    "interest": 136621,
    "months": 41,
    "payoff": {
      "l0": 19,
      "l1": 41,
    },
  },
  {
    "first": {
      "l0": 5000,
      "l1": 15000,
      "l2": 4958,
      "l3": 15000,
      "l4": 85042,
    },
    "interest": 43794,
    "months": 11,
    "payoff": {
      "l0": 11,
      "l1": 5,
      "l2": 3,
      "l3": 7,
      "l4": 1,
    },
  },
  {
    "first": {
      "l0": 9000,
      "l1": 1000,
    },
    "interest": 0,
    "months": 153,
    "payoff": {
      "l0": 62,
      "l1": 153,
    },
  },
  {
    "minRequired": 19266,
  },
  {
    "minRequired": 10793,
  },
  {
    "first": {
      "l0": 5000,
      "l1": 0,
      "l2": 52451,
      "l3": 2549,
    },
    "interest": 1328288,
    "months": 77,
    "payoff": {
      "l0": 36,
      "l1": 77,
      "l2": 14,
      "l3": 1,
    },
  },
  {
    "first": {
      "l0": 5000,
      "l1": 5000,
    },
    "interest": 2581,
    "months": 7,
    "payoff": {
      "l0": 7,
      "l1": 3,
    },
  },
  {
    "first": {
      "l0": 15000,
      "l1": 5000,
      "l2": 5000,
      "l3": 375000,
      "l4": 0,
    },
    "interest": 35952,
    "months": 10,
    "payoff": {
      "l0": 10,
      "l1": 6,
      "l2": 6,
      "l3": 4,
      "l4": 8,
    },
  },
  {
    "first": {
      "l0": 10000,
    },
    "interest": 0,
    "months": 82,
    "payoff": {
      "l0": 82,
    },
  },
  {
    "first": {
      "l0": 5000,
      "l1": 55000,
    },
    "interest": 183612,
    "months": 29,
    "payoff": {
      "l0": 9,
      "l1": 29,
    },
  },
  {
    "first": {
      "l0": 103763,
      "l1": 18178,
      "l2": 2059,
      "l3": 1000,
      "l4": 0,
    },
    "interest": 298706,
    "months": 24,
    "payoff": {
      "l0": 2,
      "l1": 13,
      "l2": 1,
      "l3": 24,
      "l4": 19,
    },
  },
  {
    "minRequired": 73973,
  },
  {
    "first": {
      "l0": 5000,
      "l1": 58510,
      "l2": 0,
      "l3": 56490,
      "l4": 5000,
    },
    "interest": 106355,
    "months": 16,
    "payoff": {
      "l0": 12,
      "l1": 3,
      "l2": 16,
      "l3": 1,
      "l4": 13,
    },
  },
  {
    "first": {
      "l0": 2150,
      "l1": 1000,
      "l2": 0,
      "l3": 121850,
    },
    "interest": 238657,
    "months": 26,
    "payoff": {
      "l0": 1,
      "l1": 22,
      "l2": 26,
      "l3": 13,
    },
  },
  {
    "first": {
      "l0": 44000,
      "l1": 1000,
      "l2": 15000,
    },
    "interest": 1897449,
    "months": 91,
    "payoff": {
      "l0": 41,
      "l1": 72,
      "l2": 91,
    },
  },
  {
    "first": {
      "l0": 49694,
      "l1": 5306,
      "l2": 0,
      "l3": 5000,
    },
    "interest": 134545,
    "months": 26,
    "payoff": {
      "l0": 17,
      "l1": 1,
      "l2": 26,
      "l3": 7,
    },
  },
  {
    "minRequired": 32971,
  },
  {
    "first": {
      "l0": 1000,
      "l1": 45728,
      "l2": 12272,
      "l3": 1000,
      "l4": 0,
    },
    "interest": 1190663,
    "months": 89,
    "payoff": {
      "l0": 59,
      "l1": 1,
      "l2": 29,
      "l3": 37,
      "l4": 89,
    },
  },
  {
    "first": {
      "l0": 4920,
      "l1": 120080,
    },
    "interest": 103976,
    "months": 16,
    "payoff": {
      "l0": 16,
      "l1": 10,
    },
  },
  {
    "first": {
      "l0": 5000,
      "l1": 5000,
    },
    "interest": 63934472,
    "months": 600,
    "payoff": {
      "l0": 58,
    },
  },
  {
    "first": {
      "l0": 5000,
      "l1": 0,
      "l2": 50000,
      "l3": 5000,
    },
    "interest": 1841943,
    "months": 107,
    "payoff": {
      "l0": 29,
      "l1": 96,
      "l2": 74,
      "l3": 107,
    },
  },
  {
    "minRequired": 15000,
  },
  {
    "first": {
      "l0": 116520,
      "l1": 278480,
      "l2": 5000,
    },
    "interest": 15478,
    "months": 7,
    "payoff": {
      "l0": 1,
      "l1": 3,
      "l2": 7,
    },
  },
  {
    "first": {
      "l0": 0,
      "l1": 878,
      "l2": 1000,
      "l3": 5000,
      "l4": 118122,
    },
    "interest": 56518,
    "months": 37,
    "payoff": {
      "l0": 26,
      "l1": 7,
      "l2": 37,
      "l3": 15,
      "l4": 6,
    },
  },
  {
    "first": {
      "l0": 400000,
    },
    "interest": 0,
    "months": 3,
    "payoff": {
      "l0": 3,
    },
  },
  {
    "first": {
      "l0": 10000,
    },
    "interest": 508906,
    "months": 137,
    "payoff": {
      "l0": 137,
    },
  },
  {
    "minRequired": 21004,
  },
  {
    "first": {
      "l0": 48055,
      "l1": 11945,
    },
    "interest": 0,
    "months": 8,
    "payoff": {
      "l0": 8,
      "l1": 1,
    },
  },
  {
    "minRequired": 15000,
  },
  {
    "first": {
      "l0": 1000,
      "l1": 8000,
      "l2": 1000,
      "l3": 0,
    },
    "interest": 8690606442,
    "months": 600,
    "payoff": {
      "l1": 109,
      "l3": 457,
    },
  },
  {
    "minRequired": 31000,
  },
  {
    "first": {
      "l0": 5000,
      "l1": 5000,
    },
    "interest": 144060,
    "months": 9,
    "payoff": {
      "l0": 9,
      "l1": 9,
    },
  },
  {
    "first": {
      "l0": 15000,
      "l1": 90000,
      "l2": 15000,
      "l3": 5000,
    },
    "interest": 681671,
    "months": 30,
    "payoff": {
      "l0": 30,
      "l1": 11,
      "l2": 16,
      "l3": 10,
    },
  },
  {
    "first": {
      "l0": 5000,
      "l1": 3588,
      "l2": 46412,
      "l3": 5000,
    },
    "interest": 655797,
    "months": 66,
    "payoff": {
      "l0": 66,
      "l1": 62,
      "l2": 46,
      "l3": 24,
    },
  },
  {
    "first": {
      "l0": 290786,
      "l1": 5000,
    },
    "interest": 0,
    "months": 7,
    "payoff": {
      "l0": 1,
      "l1": 7,
    },
  },
  {
    "first": {
      "l0": 400000,
    },
    "interest": 13964,
    "months": 4,
    "payoff": {
      "l0": 4,
    },
  },
  {
    "first": {
      "l0": 9000,
      "l1": 1000,
    },
    "interest": 313692013378,
    "months": 600,
    "payoff": {},
  },
  {
    "first": {
      "l0": 5000,
      "l1": 5000,
    },
    "interest": 411,
    "months": 144,
    "payoff": {
      "l0": 144,
      "l1": 144,
    },
  },
  {
    "first": {
      "l0": 5000,
      "l1": 380000,
      "l2": 15000,
    },
    "interest": 74503,
    "months": 9,
    "payoff": {
      "l0": 9,
      "l1": 2,
      "l2": 5,
    },
  },
  {
    "first": {
      "l0": 15000,
      "l1": 375997,
      "l2": 4003,
      "l3": 5000,
    },
    "interest": 50563,
    "months": 7,
    "payoff": {
      "l0": 3,
      "l1": 3,
      "l2": 5,
      "l3": 7,
    },
  },
  {
    "minRequired": 31598,
  },
  {
    "first": {
      "l0": 9000,
      "l1": 1000,
      "l2": 0,
    },
    "interest": 430740511,
    "months": 600,
    "payoff": {},
  },
  {
    "minRequired": 13000,
  },
  {
    "first": {
      "l0": 1000,
      "l1": 285369,
      "l2": 113631,
    },
    "interest": 10826,
    "months": 5,
    "payoff": {
      "l0": 5,
      "l1": 2,
      "l2": 1,
    },
  },
  {
    "first": {
      "l0": 15000,
      "l1": 0,
      "l2": 0,
      "l3": 5000,
      "l4": 105000,
    },
    "interest": 371979,
    "months": 28,
    "payoff": {
      "l0": 13,
      "l1": 26,
      "l2": 28,
      "l3": 19,
      "l4": 5,
    },
  },
  {
    "first": {
      "l0": 0,
      "l1": 10915,
      "l2": 49085,
      "l3": 0,
    },
    "interest": 583158,
    "months": 71,
    "payoff": {
      "l0": 25,
      "l1": 48,
      "l2": 3,
      "l3": 71,
    },
  },
  {
    "first": {
      "l0": 9000,
      "l1": 1000,
    },
    "interest": 17112052536,
    "months": 600,
    "payoff": {
      "l1": 201,
    },
  },
  {
    "first": {
      "l0": 55000,
      "l1": 5000,
    },
    "interest": 529265,
    "months": 39,
    "payoff": {
      "l0": 39,
      "l1": 30,
    },
  },
  {
    "first": {
      "l0": 0,
      "l1": 55000,
      "l2": 0,
      "l3": 0,
      "l4": 5000,
    },
    "interest": 1414590,
    "months": 85,
    "payoff": {
      "l0": 73,
      "l1": 46,
      "l2": 64,
      "l3": 85,
      "l4": 31,
    },
  },
  {
    "first": {
      "l0": 5000,
      "l1": 120000,
      "l2": 0,
    },
    "interest": 42870,
    "months": 23,
    "payoff": {
      "l0": 9,
      "l1": 14,
      "l2": 23,
    },
  },
  {
    "first": {
      "l0": 125000,
      "l1": 0,
    },
    "interest": 253729,
    "months": 18,
    "payoff": {
      "l0": 9,
      "l1": 18,
    },
  },
  {
    "first": {
      "l0": 395000,
      "l1": 0,
      "l2": 5000,
    },
    "interest": 56504,
    "months": 7,
    "payoff": {
      "l0": 3,
      "l1": 5,
      "l2": 7,
    },
  },
  {
    "first": {
      "l0": 0,
      "l1": 54000,
      "l2": 5000,
      "l3": 1000,
    },
    "interest": 9735,
    "months": 39,
    "payoff": {
      "l0": 27,
      "l1": 16,
      "l2": 16,
      "l3": 39,
    },
  },
  {
    "first": {
      "l0": 400000,
    },
    "interest": 4241,
    "months": 2,
    "payoff": {
      "l0": 2,
    },
  },
  {
    "first": {
      "l0": 38364,
      "l1": 5000,
      "l2": 1000,
      "l3": 80636,
    },
    "interest": 242732,
    "months": 24,
    "payoff": {
      "l0": 1,
      "l1": 14,
      "l2": 24,
      "l3": 5,
    },
  },
  {
    "first": {
      "l0": 5000,
    },
    "interest": 165230,
    "months": 9,
    "payoff": {
      "l0": 9,
    },
  },
  {
    "first": {
      "l0": 400000,
    },
    "interest": 5654,
    "months": 3,
    "payoff": {
      "l0": 3,
    },
  },
]
`;
